{
  "name": "john",
  "password": "test",
  "role": "user"
}